{
    "srl1": [
        {
            "tunnelID": 1,
            "destination": "topo-1-srl2.clabernetes.svc.cluster.local",
            "localNode": "srl1",
            "localInterface": "e1-1",
            "remoteNode": "srl2",
            "remoteInterface": "e1-1"
        },
        {
            "tunnelID": 2,
            "destination": "topo-1-srl3.clabernetes.svc.cluster.local",
            "localNode": "srl1",
            "localInterface": "e1-2",
            "remoteNode": "srl3",
            "remoteInterface": "e1-1"
        }
    ],
    "srl2": [
        {
            "tunnelID": 1,
            "destination": "topo-1-srl1.clabernetes.svc.cluster.local",
            "localNode": "srl2",
            "localInterface": "e1-1",
            "remoteNode": "srl1",
            "remoteInterface": "e1-1"
        },
        {
            "tunnelID": 3,
            "destination": "topo-1-srl3.clabernetes.svc.cluster.local",
            "localNode": "srl2",
            "localInterface": "e1-2",
            "remoteNode": "srl3",
            "remoteInterface": "e1-2"
        },
        {
            "tunnelID": 4,
            "destination": "topo-1-srl4.clabernetes.svc.cluster.local",
            "localNode": "srl2",
            "localInterface": "e1-3",
            "remoteNode": "srl4",
            "remoteInterface": "e1-1"
        }
    ],
    "srl3": [
        {
            "tunnelID": 2,
            "destination": "topo-1-srl1.clabernetes.svc.cluster.local",
            "localNode": "srl3",
            "localInterface": "e1-1",
            "remoteNode": "srl1",
            "remoteInterface": "e1-2"
        },
        {
            "tunnelID": 3,
            "destination": "topo-1-srl2.clabernetes.svc.cluster.local",
            "localNode": "srl3",
            "localInterface": "e1-2",
            "remoteNode": "srl2",
            "remoteInterface": "e1-2"
        },
        {
            "tunnelID": 5,
            "destination": "topo-1-srl4.clabernetes.svc.cluster.local",
            "localNode": "srl3",
            "localInterface": "e1-3",
            "remoteNode": "srl4",
            "remoteInterface": "e1-2"
        }
    ],
    "srl4": [
        {
            "tunnelID": 4,
            "destination": "topo-1-srl2.clabernetes.svc.cluster.local",
            "localNode": "srl4",
            "localInterface": "e1-1",
            "remoteNode": "srl2",
            "remoteInterface": "e1-3"
        },
        {
            "tunnelID": 5,
            "destination": "topo-1-srl3.clabernetes.svc.cluster.local",
            "localNode": "srl4",
            "localInterface": "e1-2",
            "remoteNode": "srl3",
            "remoteInterface": "e1-3"
        }
    ]
}