{
    "metadata": {
        "name": "clabernetes-launcher-role-binding",
        "namespace": "clabernetes",
        "creationTimestamp": null,
        "labels": {
            "clabernetes/app": "clabernetes"
        }
    },
    "subjects": [
        {
            "kind": "ServiceAccount",
            "name": "clabernetes-launcher-service-account",
            "namespace": "clabernetes"
        }
    ],
    "roleRef": {
        "apiGroup": "rbac.authorization.k8s.io",
        "kind": "ClusterRole",
        "name": "clabernetes-launcher-role"
    }
}