{
    "metadata": {
        "name": "clabernetes-launcher-role-binding",
        "namespace": "clabernetes",
        "creationTimestamp": null,
        "labels": {
            "clabernetes/app": "clabernetes"
        },
        "ownerReferences": [
            {
                "apiVersion": "apps/v1",
                "kind": "Deployment",
                "name": "dummy",
                "uid": ""
            }
        ]
    },
    "subjects": [
        {
            "kind": "ServiceAccount",
            "name": "clabernetes-launcher-service-account",
            "namespace": "clabernetes"
        }
    ],
    "roleRef": {
        "apiGroup": "rbac.authorization.k8s.io",
        "kind": "ClusterRole",
        "name": "clabernetes-launcher-role"
    }
}