{
    "metadata": {
        "name": "render-deployment-test-srl1",
        "namespace": "clabernetes",
        "creationTimestamp": null,
        "labels": {
            "clabernetes/app": "clabernetes",
            "clabernetes/name": "render-deployment-test-srl1",
            "clabernetes/topologyKind": "containerlab",
            "clabernetes/topologyNode": "srl1",
            "clabernetes/topologyOwner": "render-deployment-test"
        },
        "annotations": {
            "container.apparmor.security.beta.kubernetes.io/srl1": "unconfined"
        }
    },
    "spec": {
        "replicas": 1,
        "selector": {
            "matchLabels": {
                "clabernetes/app": "clabernetes",
                "clabernetes/name": "render-deployment-test-srl1",
                "clabernetes/topologyNode": "srl1",
                "clabernetes/topologyOwner": "render-deployment-test"
            }
        },
        "template": {
            "metadata": {
                "creationTimestamp": null,
                "labels": {
                    "clabernetes/app": "clabernetes",
                    "clabernetes/name": "render-deployment-test-srl1",
                    "clabernetes/topologyKind": "containerlab",
                    "clabernetes/topologyNode": "srl1",
                    "clabernetes/topologyOwner": "render-deployment-test"
                },
                "annotations": {
                    "container.apparmor.security.beta.kubernetes.io/srl1": "unconfined"
                }
            },
            "spec": {
                "volumes": [
                    {
                        "name": "render-deployment-test-config",
                        "configMap": {
                            "name": "render-deployment-test"
                        }
                    },
                    {
                        "name": "dev-fuse",
                        "hostPath": {
                            "path": "/dev/fuse"
                        }
                    },
                    {
                        "name": "dev-net-tun",
                        "hostPath": {
                            "path": "/dev/net/tun"
                        }
                    }
                ],
                "containers": [
                    {
                        "name": "srl1",
                        "image": "ghcr.io/srl-labs/clabernetes/clabernetes-launcher:latest",
                        "command": [
                            "/clabernetes/manager",
                            "launch"
                        ],
                        "workingDir": "/clabernetes",
                        "ports": [
                            {
                                "name": "vxlan",
                                "containerPort": 14789,
                                "protocol": "UDP"
                            }
                        ],
                        "env": [
                            {
                                "name": "LAUNCHER_LOGGER_LEVEL",
                                "value": "info"
                            },
                            {
                                "name": "LAUNCHER_INSECURE_REGISTRIES",
                                "value": "1.2.3.4,potato.com"
                            }
                        ],
                        "resources": {},
                        "volumeMounts": [
                            {
                                "name": "render-deployment-test-config",
                                "readOnly": true,
                                "mountPath": "/clabernetes/topo.clab.yaml",
                                "subPath": "srl1"
                            },
                            {
                                "name": "render-deployment-test-config",
                                "readOnly": true,
                                "mountPath": "/clabernetes/tunnels.yaml",
                                "subPath": "srl1-tunnels"
                            },
                            {
                                "name": "render-deployment-test-config",
                                "readOnly": true,
                                "mountPath": "/clabernetes/files-from-url.yaml",
                                "subPath": "srl1-files-from-url"
                            },
                            {
                                "name": "dev-fuse",
                                "readOnly": true,
                                "mountPath": "/dev/fuse"
                            },
                            {
                                "name": "dev-net-tun",
                                "readOnly": true,
                                "mountPath": "/dev/net/tun"
                            }
                        ],
                        "terminationMessagePath": "/dev/termination-log",
                        "terminationMessagePolicy": "File",
                        "imagePullPolicy": "IfNotPresent",
                        "securityContext": {
                            "capabilities": {
                                "add": [
                                    "CHOWN",
                                    "DAC_OVERRIDE",
                                    "FSETID",
                                    "FOWNER",
                                    "MKNOD",
                                    "NET_RAW",
                                    "SETGID",
                                    "SETUID",
                                    "SETFCAP",
                                    "SETPCAP",
                                    "NET_BIND_SERVICE",
                                    "SYS_CHROOT",
                                    "KILL",
                                    "AUDIT_WRITE",
                                    "NET_ADMIN",
                                    "SYS_ADMIN",
                                    "SYS_RESOURCE",
                                    "LINUX_IMMUTABLE",
                                    "SYS_BOOT",
                                    "SYS_TIME",
                                    "SYS_MODULE",
                                    "SYS_RAWIO",
                                    "SYS_PTRACE",
                                    "SYS_NICE",
                                    "IPC_LOCK"
                                ]
                            },
                            "privileged": false,
                            "runAsUser": 0
                        }
                    }
                ],
                "restartPolicy": "Always",
                "serviceAccountName": "default",
                "hostname": "srl1"
            }
        },
        "strategy": {},
        "revisionHistoryLimit": 0
    },
    "status": {}
}