{
    "metadata": {
        "name": "render-rolebinding-test",
        "namespace": "clabernetes",
        "creationTimestamp": null,
        "labels": {
            "clabernetes/app": "clabernetes",
            "clabernetes/name": "render-rolebinding-test",
            "clabernetes/topologyKind": "containerlab",
            "clabernetes/topologyOwner": "render-rolebinding-test"
        }
    },
    "spec": {
        "pointToPointTunnels": {
            "srl1": [
                {
                    "tunnelID": 0,
                    "destination": "topo-1-srl2.clabernetes.svc.cluster.local",
                    "localNode": "srl1",
                    "localInterface": "e1-1",
                    "remoteNode": "srl2",
                    "remoteInterface": "e1-1"
                }
            ],
            "srl2": [
                {
                    "tunnelID": 0,
                    "destination": "topo-1-srl1.clabernetes.svc.cluster.local",
                    "localNode": "srl2",
                    "localInterface": "e1-1",
                    "remoteNode": "srl1",
                    "remoteInterface": "e1-1"
                }
            ]
        }
    },
    "status": {}
}