{
    "metadata": {
        "name": "render-rolebinding-test",
        "namespace": "clabernetes",
        "creationTimestamp": null,
        "labels": {
            "clabernetes/app": "clabernetes",
            "clabernetes/name": "render-rolebinding-test",
            "clabernetes/topologyKind": "containerlab",
            "clabernetes/topologyOwner": "render-rolebinding-test"
        }
    },
    "spec": {
        "pointToPointTunnels": null
    },
    "status": {}
}