---
# Source: clabernetes/templates/serviceaccount.yaml
apiVersion: v1
kind: ServiceAccount
metadata:
  name: "clabernetes-service-account"
  namespace: clabernetes
  labels:
    chart: "clabernetes-0.0.16"
    release: release-name
    heritage: Helm
    clabernetes/app: clabernetes
    clabernetes/name: "clabernetes-service-account"
    clabernetes/component: service-account
