{
    "metadata": {
        "name": "srl1",
        "namespace": "clabernetes",
        "creationTimestamp": null,
        "labels": {
            "clabernetes/app": "clabernetes",
            "clabernetes/name": "srl1",
            "clabernetes/topologyKind": "containerlab",
            "clabernetes/topologyNode": "srl1",
            "clabernetes/topologyOwner": "render-service-expose-test",
            "clabernetes/topologyServiceType": "expose"
        }
    },
    "spec": {
        "ports": [
            {
                "name": "port-22-tcp",
                "protocol": "TCP",
                "port": 22,
                "targetPort": 21022
            },
            {
                "name": "port-23-tcp",
                "protocol": "TCP",
                "port": 23,
                "targetPort": 21023
            },
            {
                "name": "port-161-udp",
                "protocol": "UDP",
                "port": 161,
                "targetPort": 21161
            },
            {
                "name": "port-57400-tcp",
                "protocol": "TCP",
                "port": 57400,
                "targetPort": 33333
            },
            {
                "name": "port-21-tcp",
                "protocol": "TCP",
                "port": 21,
                "targetPort": 60000
            },
            {
                "name": "port-80-tcp",
                "protocol": "TCP",
                "port": 80,
                "targetPort": 60001
            },
            {
                "name": "port-443-tcp",
                "protocol": "TCP",
                "port": 443,
                "targetPort": 60002
            },
            {
                "name": "port-830-tcp",
                "protocol": "TCP",
                "port": 830,
                "targetPort": 60003
            },
            {
                "name": "port-5000-tcp",
                "protocol": "TCP",
                "port": 5000,
                "targetPort": 60004
            },
            {
                "name": "port-5900-tcp",
                "protocol": "TCP",
                "port": 5900,
                "targetPort": 60005
            },
            {
                "name": "port-6030-tcp",
                "protocol": "TCP",
                "port": 6030,
                "targetPort": 60006
            },
            {
                "name": "port-9339-tcp",
                "protocol": "TCP",
                "port": 9339,
                "targetPort": 60007
            },
            {
                "name": "port-9340-tcp",
                "protocol": "TCP",
                "port": 9340,
                "targetPort": 60008
            },
            {
                "name": "port-9559-tcp",
                "protocol": "TCP",
                "port": 9559,
                "targetPort": 60009
            }
        ],
        "selector": {
            "clabernetes/app": "clabernetes",
            "clabernetes/name": "srl1",
            "clabernetes/topologyNode": "srl1",
            "clabernetes/topologyOwner": "render-service-expose-test"
        },
        "type": "LoadBalancer"
    },
    "status": {
        "loadBalancer": {}
    }
}