{
    "metadata": {
        "name": "pvc-test-node1",
        "namespace": "clabernetes",
        "creationTimestamp": null,
        "labels": {
            "clabernetes/app": "clabernetes",
            "clabernetes/name": "pvc-test-node1",
            "clabernetes/topologyKind": "containerlab",
            "clabernetes/topologyNode": "node1",
            "clabernetes/topologyOwner": "pvc-test"
        }
    },
    "spec": {
        "accessModes": [
            "ReadWriteOnce"
        ],
        "resources": {
            "requests": {
                "storage": "5Gi"
            }
        },
        "storageClassName": "my-custom-storage-class",
        "volumeMode": "Filesystem"
    },
    "status": {}
}