---
apiVersion: v1
kind: ConfigMap
metadata:
  name: srl02-sros1-files
  namespace: notclabernetes
data:
  REPLACED: |-
    very sneaky and important license1
