{
    "metadata": {
        "name": "test-configmap",
        "namespace": "nowhere",
        "creationTimestamp": null,
        "labels": {
            "clabernetes/app": "clabernetes",
            "clabernetes/name": "test-configmap",
            "clabernetes/topologyKind": "containerlab",
            "clabernetes/topologyOwner": "test-configmap"
        }
    },
    "data": {
        "srl1": "name: clabernetes-srl1\nprefix: \"\"\ntopology:\n    defaults:\n        ports:\n            - 21022:22/tcp\n            - 21023:23/tcp\n            - 21161:161/udp\n            - 33333:57400/tcp\n            - 60000:21/tcp\n            - 60001:80/tcp\n            - 60002:443/tcp\n            - 60003:830/tcp\n            - 60004:5000/tcp\n            - 60005:5900/tcp\n            - 60006:6030/tcp\n            - 60007:9339/tcp\n            - 60008:9340/tcp\n            - 60009:9559/tcp\n    nodes:\n        srl1:\n            kind: srl\n            ports: []\ndebug: false\n",
        "srl1-tunnels": "[]\n",
        "srl2": "name: clabernetes-srl2\nprefix: \"\"\ntopology:\n    defaults:\n        ports:\n            - 21022:22/tcp\n            - 21023:23/tcp\n            - 21161:161/udp\n            - 33333:57400/tcp\n            - 60000:21/tcp\n            - 60001:80/tcp\n            - 60002:443/tcp\n            - 60003:830/tcp\n            - 60004:5000/tcp\n            - 60005:5900/tcp\n            - 60006:6030/tcp\n            - 60007:9339/tcp\n            - 60008:9340/tcp\n            - 60009:9559/tcp\n    nodes:\n        srl2:\n            kind: srl\n            ports: []\ndebug: false\n",
        "srl2-tunnels": "[]\n"
    }
}