---
apiVersion: v1
kind: ConfigMap
metadata:
  name: topo01-sros1-files
  namespace: c9s-topo01
data:
  REPLACED: |-
    very sneaky and important license1
