---
apiVersion: v1
kind: Namespace
metadata:
    name: c9s-topo01
