---
apiVersion: v1
kind: ConfigMap
metadata:
  name: srl02-srl1-files
  namespace:  notclabernetes
data:
  taco-srl1.license: |-
    very sneaky and important license
