{
    "Current": {
        "srl1": {
            "metadata": {
                "name": "reconcile-resolve-deployment-test-srl1",
                "namespace": "clabernetes",
                "resourceVersion": "999",
                "creationTimestamp": null,
                "labels": {
                    "clabernetes/topologyNode": "srl1",
                    "clabernetes/topologyOwner": "reconcile-resolve-deployment-test"
                }
            },
            "spec": {
                "selector": null,
                "template": {
                    "metadata": {
                        "creationTimestamp": null
                    },
                    "spec": {
                        "containers": null
                    }
                },
                "strategy": {}
            },
            "status": {}
        }
    },
    "Missing": [
        "srl2"
    ],
    "Extra": []
}