{
    "Current": {
        "srl1": {
            "metadata": {
                "name": "reconcile-resolve-pvc-test-srl1",
                "namespace": "clabernetes",
                "resourceVersion": "999",
                "creationTimestamp": null,
                "labels": {
                    "clabernetes/topologyNode": "srl1",
                    "clabernetes/topologyOwner": "reconcile-resolve-pvc-test"
                }
            },
            "spec": {
                "resources": {}
            },
            "status": {}
        }
    },
    "Missing": null,
    "Extra": []
}