{
    "Current": {
        "srl1": {
            "metadata": {
                "name": "reconcile-resolve-serviceexpose-test-srl1",
                "namespace": "clabernetes",
                "resourceVersion": "999",
                "creationTimestamp": null,
                "labels": {
                    "clabernetes/topologyNode": "srl1",
                    "clabernetes/topologyOwner": "reconcile-resolve-serviceexpose-test",
                    "clabernetes/topologyServiceType": "expose"
                }
            },
            "spec": {},
            "status": {
                "loadBalancer": {}
            }
        }
    },
    "Missing": null,
    "Extra": []
}