---
apiVersion: v1
kind: ConfigMap
metadata:
  name: topo01-srl1-files
  namespace: notclabernetes
data:
  REPLACED: |-
    very sneaky and important license1
