---
apiVersion: v1
kind: ConfigMap
metadata:
  name: topo01-sros2-files
  namespace: notclabernetes
data:
  REPLACED: |-
    very sneaky and important license2
