{
    "metadata": {
        "name": "clabernetes-launcher-service-account",
        "namespace": "clabernetes",
        "creationTimestamp": null,
        "labels": {
            "clabernetes/app": "clabernetes"
        },
        "ownerReferences": [
            {
                "apiVersion": "apps/v1",
                "kind": "Deployment",
                "name": "dummy",
                "uid": ""
            }
        ]
    }
}