{
    "kind": "",
    "removeTopologyPrefix": null,
    "reconcileHashes": {
        "config": "",
        "exposedPorts": "",
        "filesFromURL": null,
        "imagePullSecrets": ""
    },
    "configs": {},
    "exposedPorts": null
}