{
    "metadata": {
        "name": "srl1",
        "namespace": "clabernetes",
        "creationTimestamp": null,
        "labels": {
            "clabernetes/app": "clabernetes",
            "clabernetes/name": "render-service-fabric-test-srl1",
            "clabernetes/topologyKind": "containerlab",
            "clabernetes/topologyNode": "srl1",
            "clabernetes/topologyOwner": "render-service-fabric-test",
            "clabernetes/topologyServiceType": "nodeAlias"
        }
    },
    "spec": {
        "selector": {
            "clabernetes/app": "clabernetes",
            "clabernetes/name": "render-service-fabric-test-srl1",
            "clabernetes/topologyNode": "srl1",
            "clabernetes/topologyOwner": "render-service-fabric-test"
        },
        "type": "ExternalName",
        "externalName": "srl1.clabernetes.svc.cluster.local"
    },
    "status": {
        "loadBalancer": {}
    }
}