apiVersion: topology.clabernetes/v1alpha1
kind: Containerlab
metadata:
  annotations: {}
  name: containerlab-basic
  namespace: NAMESPACE
spec:
  config: |-
    name: containerlab-basic

    topology:
      nodes:
        srl1:
          kind: srl
          image: ghcr.io/nokia/srlinux
  containerlabDebug: false
  disableAutoExpose: false
  disableExpose: false
  disableNodeAliasService: false
  persistence:
    claimSize: ""
    enabled: false
    storageClassName: ""
  privilegedLauncher: false
status:
  configs: |
    srl1:
        name: clabernetes-srl1
        prefix: ""
        topology:
            defaults:
                ports:
                    - 60000:21/tcp
                    - 60001:22/tcp
                    - 60002:23/tcp
                    - 60003:80/tcp
                    - 60000:161/udp
                    - 60004:443/tcp
                    - 60005:830/tcp
                    - 60006:5000/tcp
                    - 60007:5900/tcp
                    - 60008:6030/tcp
                    - 60009:9339/tcp
                    - 60010:9340/tcp
                    - 60011:9559/tcp
                    - 60012:57400/tcp
            nodes:
                srl1:
                    kind: srl
                    image: ghcr.io/nokia/srlinux
                    ports: []
        debug: false
  configsHash: 420183e825ce8790275e3d08f0d8c4fedf4557d1cd227bf25d9be78b23803438
  filesFromURLHashes: {}
  nodeExposedPorts:
    srl1:
      tcpPorts:
        - 21
        - 22
        - 23
        - 80
        - 443
        - 830
        - 5000
        - 5900
        - 6030
        - 9339
        - 9340
        - 9559
        - 57400
      udpPorts:
        - 161
  tunnels: {}
  tunnelsHash: 420183e825ce8790275e3d08f0d8c4fedf4557d1cd227bf25d9be78b23803438
