---
# Source: clabernetes/charts/clicker/templates/clusterrolebinding.yaml
apiVersion: rbac.authorization.k8s.io/v1
kind: ClusterRoleBinding
metadata:
  name: clabernetes-clicker
  labels:
    chart: "clicker-0.0.16"
    release: release-name
    heritage: Helm
    clabernetes/app: clabernetes
    clabernetes/name: "clabernetes-clicker-cluster-role-binding"
    clabernetes/component: cluster-role-binding
subjects:
  - kind: ServiceAccount
    name: "clabernetes-clicker-service-account"
    namespace: clabernetes
roleRef:
  kind: ClusterRole
  name: "clabernetes-cluster-role"
  apiGroup: rbac.authorization.k8s.io
---
# Source: clabernetes/charts/clicker/templates/clusterrolebinding.yaml
apiVersion: rbac.authorization.k8s.io/v1
kind: ClusterRoleBinding
metadata:
  name: clabernetes-clicker-nodes
  labels:
    chart: "clicker-0.0.16"
    release: release-name
    heritage: Helm
    clabernetes/app: clabernetes
    clabernetes/name: "clabernetes-clicker-cluster-role-binding"
    clabernetes/component: cluster-role-binding
subjects:
  - kind: ServiceAccount
    name: "clabernetes-clicker-service-account"
    namespace: clabernetes
roleRef:
  kind: ClusterRole
  name: "clabernetes-clicker-cluster-role"
  apiGroup: rbac.authorization.k8s.io
