---
# Source: clabernetes/templates/certificate-secret.yaml
apiVersion: v1
kind: Secret
metadata:
  labels:
    chart: "clabernetes-0.0.16"
    release: release-name
    heritage: Helm
    clabernetes/app: clabernetes-plus-clicker
    clabernetes/name: "clabernetes-plus-clicker-certificate"
    clabernetes/component: certificate
    clabernetes/part-of: manager
    anotherlabel: anotherlabelvalue
    somelabel: somelabelvalue
  annotations:
    annotherannotation: anotherannotationvalue
    someannotation: someannotationvalue
  name: "clabernetes-plus-clicker-certificate"
data: {}
