---
# Source: clabernetes/templates/configmap.yaml
apiVersion: v1
kind: ConfigMap
metadata:
  name: clabernetes-plus-clicker-config
  namespace: clabernetes
  labels:
    chart: "clabernetes-0.0.16"
    release: release-name
    heritage: Helm
    clabernetes/app: clabernetes-plus-clicker
    clabernetes/name: "clabernetes-plus-clicker-config"
    clabernetes/component: config
    anotherlabel: anotherlabelvalue
    somelabel: somelabelvalue
  annotations:
    annotherannotation: anotherannotationvalue
    someannotation: someannotationvalue
data:
  globalAnnotations: |-
    ---
    annotherannotation: anotherannotationvalue
    someannotation: someannotationvalue
  globalLabels: |-
    ---
    anotherlabel: anotherlabelvalue
    somelabel: somelabelvalue
  defaultResources: |-
    ---
    {}
